ets Jun  8 2016 00:22:57

rst:0x1 (POWERON_RESET),boot:0x13 (SPI_FAST_FLASH_BOOT)
configsip: 0, SPIWP:0xee
clk_drv:0x00,q_drv:0x00,d_drv:0x00,cs0_drv:0x00,hd_drï¿½ï¿½ï¿½ï¿½0ï¿½ï¿½}ï¿½ï¿½ï¿½ï¿½0x00
mode:DIO, clock div:2
load:0x3fff0030,len:7172
load:0x40078000,len:15620
load:0x40080400,len:4
ho 8 tail 4 room 4
load:0x40080404,len:3904
entry 0x40080640
[0;32mI (30) boot: ESP-IDF v5.2.5-dirty 2nd stage bootloader[0m
[0;32mI (30) boot: compile time Jul 29 2025 21:06:14[0m
[0;32mI (30) boot: Multicore bootloader[0m
[0;32mI (35) boot: chip revision: v1.0[0m
[0;32mI (39) boot.esp32: SPI Speed      : 40MHz[0m
[0;32mI (43) boot.esp32: SPI Mode       : DIO[0m
[0;32mI (48) boot.esp32: SPI Flash Size : 4MB[0m
[0;32mI (52) boot: Enabling RNG early entropy source...[0m
[0;32mI (58) boot: Partition Table:[0m
[0;32mI (61) boot: ## Label            Usage          Type ST Offset   Length[0m
[0;32mI (69) boot:  0 nvs              WiFi data        01 02 00009000 00006000[0m
[0;32mI (76) boot:  1 phy_init         RF data          01 01 0000f000 00001000[0m
[0;32mI (84) boot:  2 factory          factory app      00 00 00010000 00100000[0m
[0;32mI (91) boot: End of partition table[0m
[0;32mI (95) esp_image: segment 0: paddr=00010020 vaddr=3f400020 size=199d8h (104920) map[0m
[0;32mI (140) esp_image: segment 1: paddr=00029a00 vaddr=3ffb0000 size=03dd0h ( 15824) load[0m
[0;32mI (146) esp_image: segment 2: paddr=0002d7d8 vaddr=40080000 size=02840h ( 10304) load[0m
[0;32mI (150) esp_image: segment 3: paddr=00030020 vaddr=400d0020 size=87a88h (555656) map[0m
[0;32mI (344) esp_image: segment 4: paddr=000b7ab0 vaddr=40082840 size=14610h ( 83472) load[0m
[0;32mI (389) boot: Loaded app from partition at offset 0x10000[0m
[0;32mI (389) boot: Disabling RNG early entropy source...[0m
[0;32mI (400) cpu_start: Multicore app[0m
[0;32mI (410) cpu_start: Pro cpu start user code[0m
[0;32mI (410) cpu_start: cpu freq: 160000000 Hz[0m
[0;32mI (410) cpu_start: Application information:[0m
[0;32mI (413) cpu_start: Project name:     app-template[0m
[0;32mI (418) cpu_start: App version:      1[0m
[0;32mI (422) cpu_start: Compile time:     Jul 29 2025 20:54:22[0m
[0;32mI (429) cpu_start: ELF file SHA256:  258bb1380...[0m
[0;32mI (434) cpu_start: ESP-IDF:          v5.2.5-dirty[0m
[0;32mI (439) cpu_start: Min chip rev:     v0.0[0m
[0;32mI (444) cpu_start: Max chip rev:     v3.99 [0m
[0;32mI (449) cpu_start: Chip rev:         v1.0[0m
[0;32mI (454) heap_init: Initializing. RAM available for dynamic allocation:[0m
[0;32mI (461) heap_init: At 3FFAE6E0 len 00001920 (6 KiB): DRAM[0m
[0;32mI (467) heap_init: At 3FFB8640 len 000279C0 (158 KiB): DRAM[0m
[0;32mI (473) heap_init: At 3FFE0440 len 00003AE0 (14 KiB): D/IRAM[0m
[0;32mI (479) heap_init: At 3FFE4350 len 0001BCB0 (111 KiB): D/IRAM[0m
[0;32mI (486) heap_init: At 40096E50 len 000091B0 (36 KiB): IRAM[0m
[0;32mI (494) spi_flash: detected chip: generic[0m
[0;32mI (497) spi_flash: flash io: dio[0m
[0;32mI (502) main_task: Started on CPU0[0m
[0;32mI (512) main_task: Calling app_main()[0m
[0;32mI (552) wifi:wifi driver task: 3ffc05b8, prio:23, stack:6656, core=0[0m
[0;32mI (562) wifi:wifi firmware version: 01d22db[0m
[0;32mI (562) wifi:wifi certification version: v7.0[0m
[0;32mI (562) wifi:config NVS flash: enabled[0m
[0;32mI (562) wifi:config nano formating: disabled[0m
[0;32mI (562) wifi:Init data frame dynamic rx buffer num: 32[0m
[0;32mI (572) wifi:Init static rx mgmt buffer num: 5[0m
[0;32mI (572) wifi:Init management short buffer num: 32[0m
[0;32mI (582) wifi:Init static tx buffer num: 16[0m
[0;32mI (582) wifi:Init static rx buffer size: 1600[0m
[0;32mI (592) wifi:Init static rx buffer num: 10[0m
[0;32mI (592) wifi:Init dynamic rx buffer num: 32[0m
[0;32mI (592) wifi_init: rx ba win: 6[0m
[0;32mI (602) wifi_init: tcpip mbox: 32[0m
[0;32mI (602) wifi_init: udp mbox: 6[0m
[0;32mI (602) wifi_init: tcp mbox: 6[0m
[0;32mI (612) wifi_init: tcp tx win: 5760[0m
[0;32mI (612) wifi_init: tcp rx win: 5760[0m
[0;32mI (622) wifi_init: tcp mss: 1440[0m
[0;32mI (622) wifi_init: WiFi IRAM OP enabled[0m
[0;32mI (632) wifi_init: WiFi RX IRAM OP enabled[0m
[0;32mI (632) phy_init: phy_version 4840,02e0d70,Sep  2 2024,19:39:07[0m
[0;32mI (712) wifi:mode : sta (3c:61:05:1a:45:e8)[0m
[0;32mI (712) wifi:enable tsf[0m
[0;32mI (712) main_task: Returned from app_main()[0m
[0;32mI (3212) WiFiScanner: Found 5 access points:[0m
[0;32mI (3212) WiFiScanner: SSID: Nothing Phone (2a)_9605, RSSI: -54, Channel: 6[0m
[0;32mI (3212) WiFiScanner: SSID: Nothing CMF, RSSI: -83, Channel: 11[0m
[0;32mI (3222) WiFiScanner: SSID: PSG, RSSI: -83, Channel: 11[0m
[0;32mI (3222) WiFiScanner: SSID: PSG, RSSI: -91, Channel: 1[0m
[0;32mI (3232) WiFiScanner: SSID: iQOO Neo 10R, RSSI: -92, Channel: 6[0m
[0;32mI (15732) WiFiScanner: Found 4 access points:[0m
[0;32mI (15732) WiFiScanner: SSID: Nothing Phone (2a)_9605, RSSI: -61, Channel: 6[0m
[0;32mI (15732) WiFiScanner: SSID: Nothing CMF, RSSI: -78, Channel: 11[0m
[0;32mI (15732) WiFiScanner: SSID: iQOO Neo 10R, RSSI: -85, Channel: 6[0m
[0;32mI (15742) WiFiScanner: SSID: PSG, RSSI: -86, Channel: 11[0m
